[0.048s] Invoking command in '/home/shunski/aki_ws/build/dog_srv': /home/shunski/bin/cmake /home/shunski/aki_ws/src/dog_srv -DCMAKE_INSTALL_PREFIX=/home/shunski/aki_ws/install/dog_srv
[0.071s] -- Found ament_cmake: 0.9.8 (/home/shunski/ros2_foxy/install/ament_cmake/share/ament_cmake/cmake)
[0.471s] -- Using PYTHON_EXECUTABLE: /usr/bin/python3
[1.168s] -- Found rosidl_default_generators: 1.0.1 (/home/shunski/ros2_foxy/install/rosidl_default_generators/share/rosidl_default_generators/cmake)
[1.278s] -- Using all available rosidl_typesupport_c: rosidl_typesupport_introspection_c;rosidl_typesupport_fastrtps_c
[1.282s] -- Found rosidl_adapter: 1.2.1 (/home/shunski/ros2_foxy/install/rosidl_adapter/share/rosidl_adapter/cmake)
[1.577s] -- Using all available rosidl_typesupport_cpp: rosidl_typesupport_introspection_cpp;rosidl_typesupport_fastrtps_cpp
[2.015s] -- Found PythonInterp: /usr/bin/python3 (found version "3.8.5") 
[2.979s] Error parsing '/home/shunski/aki_ws/src/dog_srv/package.xml':
[3.314s] Traceback (most recent call last):
[3.315s]   File "/usr/lib/python3/dist-packages/catkin_pkg/package.py", line 596, in parse_package_string
[3.315s]     root = dom.parseString(data)
[3.315s]   File "/usr/lib/python3.8/xml/dom/minidom.py", line 1969, in parseString
[3.315s]     return expatbuilder.parseString(string)
[3.315s]   File "/usr/lib/python3.8/xml/dom/expatbuilder.py", line 925, in parseString
[3.315s]     return builder.parseString(string)
[3.316s]   File "/usr/lib/python3.8/xml/dom/expatbuilder.py", line 223, in parseString
[3.316s]     parser.Parse(string, True)
[3.316s] xml.parsers.expat.ExpatError: mismatched tag: line 11, column 37
[3.316s] 
[3.316s] During handling of the above exception, another exception occurred:
[3.316s] 
[3.316s] Traceback (most recent call last):
[3.316s]   File "/home/shunski/ros2_foxy/install/ament_cmake_core/share/ament_cmake_core/cmake/core/package_xml_2_cmake.py", line 143, in <module>
[3.316s]     main()
[3.317s]   File "/home/shunski/ros2_foxy/install/ament_cmake_core/share/ament_cmake_core/cmake/core/package_xml_2_cmake.py", line 52, in main
[3.317s]     raise e
[3.317s]   File "/home/shunski/ros2_foxy/install/ament_cmake_core/share/ament_cmake_core/cmake/core/package_xml_2_cmake.py", line 48, in main
[3.317s]     package = parse_package_string(
[3.317s]   File "/usr/lib/python3/dist-packages/catkin_pkg/package.py", line 598, in parse_package_string
[3.317s]     raise InvalidPackage('The manifest contains invalid XML:\n%s' % ex, filename)
[3.317s] catkin_pkg.package.InvalidPackage: Error(s) in package '/home/shunski/aki_ws/src/dog_srv/package.xml':
[3.317s] The manifest contains invalid XML:
[3.317s] mismatched tag: line 11, column 37
[3.346s] CMake Error at /home/shunski/ros2_foxy/install/ament_cmake_core/share/ament_cmake_core/cmake/core/ament_package_xml.cmake:94 (message):
[3.346s]   execute_process(/usr/bin/python3
[3.346s]   /home/shunski/ros2_foxy/install/ament_cmake_core/share/ament_cmake_core/cmake/core/package_xml_2_cmake.py
[3.346s]   /home/shunski/aki_ws/src/dog_srv/package.xml
[3.346s]   /home/shunski/aki_ws/build/dog_srv/ament_cmake_core/package.cmake) returned
[3.347s]   error code 1
[3.347s] Call Stack (most recent call first):
[3.347s]   /home/shunski/ros2_foxy/install/ament_cmake_core/share/ament_cmake_core/cmake/core/ament_package_xml.cmake:49 (_ament_package_xml)
[3.347s]   /home/shunski/ros2_foxy/install/rosidl_cmake/share/rosidl_cmake/cmake/rosidl_generate_interfaces.cmake:226 (ament_package_xml)
[3.347s]   CMakeLists.txt:23 (rosidl_generate_interfaces)
[3.347s] 
[3.347s] 
[3.347s] -- Configuring incomplete, errors occurred!
[3.347s] See also "/home/shunski/aki_ws/build/dog_srv/CMakeFiles/CMakeOutput.log".
[3.353s] Invoked command in '/home/shunski/aki_ws/build/dog_srv' returned '1': /home/shunski/bin/cmake /home/shunski/aki_ws/src/dog_srv -DCMAKE_INSTALL_PREFIX=/home/shunski/aki_ws/install/dog_srv
